../Core/Src/bootloader.c:12:18:bootloader_jump_to_user_code	32	static,ignoring_inline_asm
../Core/Src/bootloader.c:56:18:bootloader_get_bl_version	16	static
../Core/Src/bootloader.c:61:18:bootloader_write_bin_to_memory	32	static
../Core/Src/bootloader.c:81:18:bootloader_flash_erase_signature_area	32	static
../Core/Src/bootloader.c:102:18:bootloader_flash_erase_download_area	32	static
../Core/Src/bootloader.c:123:18:bootloader_flash_erase_application_area	32	static
../Core/Src/bootloader.c:144:18:bootloader_read_memory	16	static
../Core/Src/bootloader.c:148:18:bootloader_update_signature_set_flag	40	static
../Core/Src/bootloader.c:160:18:bootloader_update_signature_reset_flag	40	static
../Core/Src/bootloader.c:172:18:bootloader_update_signature_app_version	40	static
../Core/Src/bootloader.c:185:18:bootloader_update_signature_bl_version	40	static
../Core/Src/bootloader.c:199:5:bootloader_signature_get_reset_flag	24	static
../Core/Src/bootloader.c:212:18:bootloader_app_update	32	static
../Core/Src/bootloader.c:235:19:bootloader_signature_update	24	static
../Core/Src/bootloader.c:254:18:bootloader_unlock_flash	8	static
../Core/Src/bootloader.c:260:18:bootloader_lock_flash	8	static
